// Jest Snapshot v1, https://goo.gl/fbAQLP

exports[`ExampleComponent component renders correctly 1`] = `
.emotion-14 {
  width: 100%;
  height: 100vh;
  display: -webkit-box;
  display: -webkit-flex;
  display: -ms-flexbox;
  display: flex;
  -webkit-flex-direction: column;
  -ms-flex-direction: column;
  flex-direction: column;
  -webkit-box-pack: center;
  -webkit-justify-content: center;
  -ms-flex-pack: center;
  justify-content: center;
  -webkit-align-items: center;
  -webkit-box-align: center;
  -ms-flex-align: center;
  align-items: center;
  padding: 10px;
  font-size: 20px;
  margin-top: 15px;
}

.emotion-0 {
  font-size: 34px;
  color: #6699ff;
  margin-bottom: 15px;
  -webkit-transition: color .5s;
  transition: color .5s;
}

@media (max-width:74.99875em) {
  .emotion-0 {
    color: #00cc66;
  }
}

.emotion-10 {
  list-style-type: circle;
  font-size: 20px;
  margin-bottom: 15px;
  color: #000000;
}

.emotion-2 {
  margin-bottom: 5px;
  font-family: sans-serif;
}

.emotion-12 {
  background-color: #6699ff;
  padding: 15px;
  border: none;
  -webkit-transition: all .5s;
  transition: all .5s;
  cursor: pointer;
  border-radius: 10px;
  font-size: 16px;
}

.emotion-12:hover {
  background-color: #00cc66;
}

<div
  class="emotion-14 emotion-15"
>
  <h3
    class="emotion-0 emotion-1"
  >
    Aloha and welcome to React SPA spark!
  </h3>
  <ul
    class="emotion-10 emotion-11"
  >
    <li
      class="emotion-2 emotion-3"
    >
      emotion replaced sass
    </li>
    <li
      class="emotion-2 emotion-3"
    >
      stylelint replaced sass-lint
    </li>
    <li
      class="emotion-2 emotion-3"
    >
      removed code overhead from webpack configs
    </li>
    <li
      class="emotion-2 emotion-3"
    >
      created a example file structure for emotion
    </li>
  </ul>
  <button
    class="emotion-12 emotion-13"
  >
    I am a common button
  </button>
</div>
`;
